// Jest Snapshot v1, https://goo.gl/fbAQLP

exports[`Pruebas en <GifItem/> Debe hacer match con el snapshot  1`] = `
<div>
  <div
    class="card"
  >
    <img
      alt="saitama"
      src="https://placekitten.com/400/400"
    />
    <p>
      saitama
    </p>
  </div>
</div>
`;
